// Jest Snapshot v1, https://goo.gl/fbAQLP

exports[`renders homepage unchanged 1`] = `
<div>
  <div
    class="Home"
  >
    <div
      class="Home__Container"
    >
      <h1
        class="Home__Title"
      >
        Welcome to 
        <a
          href="https://nextjs.org"
        >
          Next.js!
        </a>
      </h1>
      <p
        class="Home__Description"
      >
        Get started by editing
         
        <code
          class="Home__Code"
        >
          pages/index.js
        </code>
      </p>
      <div
        class="Home__Grid"
      >
        <a
          class="Home__Grid__Card"
          href="https://nextjs.org/docs"
        >
          <h2>
            Documentation →
          </h2>
          <p>
            Find in-depth information about Next.js features and API.
          </p>
        </a>
        <a
          class="Home__Grid__Card"
          href="https://nextjs.org/learn"
        >
          <h2>
            Learn →
          </h2>
          <p>
            Learn about Next.js in an interactive course with quizzes!
          </p>
        </a>
        <a
          class="Home__Grid__Card"
          href="https://github.com/vercel/next.js/tree/master/examples"
        >
          <h2>
            Examples →
          </h2>
          <p>
            Discover and deploy boilerplate example Next.js projects.
          </p>
        </a>
        <a
          class="Home__Grid__Card"
          href="https://vercel.com/new?utm_source=create-next-app&utm_medium=default-template&utm_campaign=create-next-app"
        >
          <h2>
            Deploy →
          </h2>
          <p>
            Instantly deploy your Next.js site to a public URL with Vercel.
          </p>
        </a>
      </div>
    </div>
  </div>
</div>
`;
